// Jest Snapshot v1, https://goo.gl/fbAQLP

exports[`Header Tests Renders as expected vs snapshot. 1`] = `
<header>
  <h1>
    <a
      href="/"
    >
      Full-Stack Engineering Blog
    </a>
  </h1>
  <nav>
    <ul>
      <li>
        <a
          href="/"
        >
          Home
        </a>
      </li>
      <li>
        <a
          href="/about"
        >
          About
        </a>
      </li>
      <li>
        <a
          href="/contact"
        >
          Contact
        </a>
      </li>
      <li>
        <a
          href="/blog"
        >
          Blog
        </a>
      </li>
    </ul>
  </nav>
</header>
`;
